chmod +x build.sh
./build.sh
=== Baking Real Bare-Metal Environment ===
Environment Armed. Ready for 'make'.
mkdir -p kernel
gcc -Wall -Wextra -std=c11 -ffreestanding -fno-stack-protector -fno-stack-check -fno-lto -fno-pic -m64 -march=x86-64 -mcmodel=kernel -mno-red-zone -fno-asynchronous-unwind-tables -I./include -I./kernel -I./kernel/drivers -I./kernel/fatfs -I./external/limine -I./external/CherryUSB/common -I./external/CherryUSB/core -I./external/CherryUSB/class/msc -I./external/CherryUSB/class/hid -I./external/CherryUSB/class/hub -include kernel/usb_config.h -DKERNEL_MODE -c kernel/kernel.c -o kernel/kernel.o
mkdir -p src
gcc -Wall -Wextra -std=c11 -ffreestanding -fno-stack-protector -fno-stack-check -fno-lto -fno-pic -m64 -march=x86-64 -mcmodel=kernel -mno-red-zone -fno-asynchronous-unwind-tables -I./include -I./kernel -I./kernel/drivers -I./kernel/fatfs -I./external/limine -I./external/CherryUSB/common -I./external/CherryUSB/core -I./external/CherryUSB/class/msc -I./external/CherryUSB/class/hid -I./external/CherryUSB/class/hub -include kernel/usb_config.h -DKERNEL_MODE -c src/app_ui.c -o src/app_ui.o
mkdir -p src
gcc -Wall -Wextra -std=c11 -ffreestanding -fno-stack-protector -fno-stack-check -fno-lto -fno-pic -m64 -march=x86-64 -mcmodel=kernel -mno-red-zone -fno-asynchronous-unwind-tables -I./include -I./kernel -I./kernel/drivers -I./kernel/fatfs -I./external/limine -I./external/CherryUSB/common -I./external/CherryUSB/core -I./external/CherryUSB/class/msc -I./external/CherryUSB/class/hid -I./external/CherryUSB/class/hub -include kernel/usb_config.h -DKERNEL_MODE -c src/chell.c -o src/chell.o
mkdir -p src
gcc -Wall -Wextra -std=c11 -ffreestanding -fno-stack-protector -fno-stack-check -fno-lto -fno-pic -m64 -march=x86-64 -mcmodel=kernel -mno-red-zone -fno-asynchronous-unwind-tables -I./include -I./kernel -I./kernel/drivers -I./kernel/fatfs -I./external/limine -I./external/CherryUSB/common -I./external/CherryUSB/core -I./external/CherryUSB/class/msc -I./external/CherryUSB/class/hid -I./external/CherryUSB/class/hub -include kernel/usb_config.h -DKERNEL_MODE -c src/lab.c -o src/lab.o
mkdir -p src
gcc -Wall -Wextra -std=c11 -ffreestanding -fno-stack-protector -fno-stack-check -fno-lto -fno-pic -m64 -march=x86-64 -mcmodel=kernel -mno-red-zone -fno-asynchronous-unwind-tables -I./include -I./kernel -I./kernel/drivers -I./kernel/fatfs -I./external/limine -I./external/CherryUSB/common -I./external/CherryUSB/core -I./external/CherryUSB/class/msc -I./external/CherryUSB/class/hid -I./external/CherryUSB/class/hub -include kernel/usb_config.h -DKERNEL_MODE -c src/installer.c -o src/installer.o
mkdir -p kernel
gcc -Wall -Wextra -std=c11 -ffreestanding -fno-stack-protector -fno-stack-check -fno-lto -fno-pic -m64 -march=x86-64 -mcmodel=kernel -mno-red-zone -fno-asynchronous-unwind-tables -I./include -I./kernel -I./kernel/drivers -I./kernel/fatfs -I./external/limine -I./external/CherryUSB/common -I./external/CherryUSB/core -I./external/CherryUSB/class/msc -I./external/CherryUSB/class/hid -I./external/CherryUSB/class/hub -include kernel/usb_config.h -DKERNEL_MODE -c kernel/nuklear_kernel_impl.c -o kernel/nuklear_kernel_impl.o
mkdir -p kernel
gcc -Wall -Wextra -std=c11 -ffreestanding -fno-stack-protector -fno-stack-check -fno-lto -fno-pic -m64 -march=x86-64 -mcmodel=kernel -mno-red-zone -fno-asynchronous-unwind-tables -I./include -I./kernel -I./kernel/drivers -I./kernel/fatfs -I./external/limine -I./external/CherryUSB/common -I./external/CherryUSB/core -I./external/CherryUSB/class/msc -I./external/CherryUSB/class/hid -I./external/CherryUSB/class/hub -include kernel/usb_config.h -DKERNEL_MODE -c kernel/stb_image_impl.c -o kernel/stb_image_impl.o
mkdir -p src
gcc -Wall -Wextra -std=c11 -ffreestanding -fno-stack-protector -fno-stack-check -fno-lto -fno-pic -m64 -march=x86-64 -mcmodel=kernel -mno-red-zone -fno-asynchronous-unwind-tables -I./include -I./kernel -I./kernel/drivers -I./kernel/fatfs -I./external/limine -I./external/CherryUSB/common -I./external/CherryUSB/core -I./external/CherryUSB/class/msc -I./external/CherryUSB/class/hid -I./external/CherryUSB/class/hub -include kernel/usb_config.h -DKERNEL_MODE -c src/nk_software_renderer.c -o src/nk_software_renderer.o
mkdir -p kernel
gcc -Wall -Wextra -std=c11 -ffreestanding -fno-stack-protector -fno-stack-check -fno-lto -fno-pic -m64 -march=x86-64 -mcmodel=kernel -mno-red-zone -fno-asynchronous-unwind-tables -I./include -I./kernel -I./kernel/drivers -I./kernel/fatfs -I./external/limine -I./external/CherryUSB/common -I./external/CherryUSB/core -I./external/CherryUSB/class/msc -I./external/CherryUSB/class/hid -I./external/CherryUSB/class/hub -include kernel/usb_config.h -DKERNEL_MODE -c kernel/syscall.c -o kernel/syscall.o
mkdir -p kernel
gcc -Wall -Wextra -std=c11 -ffreestanding -fno-stack-protector -fno-stack-check -fno-lto -fno-pic -m64 -march=x86-64 -mcmodel=kernel -mno-red-zone -fno-asynchronous-unwind-tables -I./include -I./kernel -I./kernel/drivers -I./kernel/fatfs -I./external/limine -I./external/CherryUSB/common -I./external/CherryUSB/core -I./external/CherryUSB/class/msc -I./external/CherryUSB/class/hid -I./external/CherryUSB/class/hub -include kernel/usb_config.h -DKERNEL_MODE -c kernel/sys_shell.c -o kernel/sys_shell.o
mkdir -p kernel
gcc -Wall -Wextra -std=c11 -ffreestanding -fno-stack-protector -fno-stack-check -fno-lto -fno-pic -m64 -march=x86-64 -mcmodel=kernel -mno-red-zone -fno-asynchronous-unwind-tables -I./include -I./kernel -I./kernel/drivers -I./kernel/fatfs -I./external/limine -I./external/CherryUSB/common -I./external/CherryUSB/core -I./external/CherryUSB/class/msc -I./external/CherryUSB/class/hid -I./external/CherryUSB/class/hub -include kernel/usb_config.h -DKERNEL_MODE -c kernel/usb_osal.c -o kernel/usb_osal.o
mkdir -p kernel
gcc -Wall -Wextra -std=c11 -ffreestanding -fno-stack-protector -fno-stack-check -fno-lto -fno-pic -m64 -march=x86-64 -mcmodel=kernel -mno-red-zone -fno-asynchronous-unwind-tables -I./include -I./kernel -I./kernel/drivers -I./kernel/fatfs -I./external/limine -I./external/CherryUSB/common -I./external/CherryUSB/core -I./external/CherryUSB/class/msc -I./external/CherryUSB/class/hid -I./external/CherryUSB/class/hub -include kernel/usb_config.h -DKERNEL_MODE -c kernel/usb_hal_ports.c -o kernel/usb_hal_ports.o
mkdir -p kernel
gcc -Wall -Wextra -std=c11 -ffreestanding -fno-stack-protector -fno-stack-check -fno-lto -fno-pic -m64 -march=x86-64 -mcmodel=kernel -mno-red-zone -fno-asynchronous-unwind-tables -I./include -I./kernel -I./kernel/drivers -I./kernel/fatfs -I./external/limine -I./external/CherryUSB/common -I./external/CherryUSB/core -I./external/CherryUSB/class/msc -I./external/CherryUSB/class/hid -I./external/CherryUSB/class/hub -include kernel/usb_config.h -DKERNEL_MODE -c kernel/storage.c -o kernel/storage.o
mkdir -p kernel
gcc -Wall -Wextra -std=c11 -ffreestanding -fno-stack-protector -fno-stack-check -fno-lto -fno-pic -m64 -march=x86-64 -mcmodel=kernel -mno-red-zone -fno-asynchronous-unwind-tables -I./include -I./kernel -I./kernel/drivers -I./kernel/fatfs -I./external/limine -I./external/CherryUSB/common -I./external/CherryUSB/core -I./external/CherryUSB/class/msc -I./external/CherryUSB/class/hid -I./external/CherryUSB/class/hub -include kernel/usb_config.h -DKERNEL_MODE -c kernel/input.c -o kernel/input.o
mkdir -p kernel
gcc -Wall -Wextra -std=c11 -ffreestanding -fno-stack-protector -fno-stack-check -fno-lto -fno-pic -m64 -march=x86-64 -mcmodel=kernel -mno-red-zone -fno-asynchronous-unwind-tables -I./include -I./kernel -I./kernel/drivers -I./kernel/fatfs -I./external/limine -I./external/CherryUSB/common -I./external/CherryUSB/core -I./external/CherryUSB/class/msc -I./external/CherryUSB/class/hid -I./external/CherryUSB/class/hub -include kernel/usb_config.h -DKERNEL_MODE -c kernel/usb_hal.c -o kernel/usb_hal.o
mkdir -p kernel
gcc -Wall -Wextra -std=c11 -ffreestanding -fno-stack-protector -fno-stack-check -fno-lto -fno-pic -m64 -march=x86-64 -mcmodel=kernel -mno-red-zone -fno-asynchronous-unwind-tables -I./include -I./kernel -I./kernel/drivers -I./kernel/fatfs -I./external/limine -I./external/CherryUSB/common -I./external/CherryUSB/core -I./external/CherryUSB/class/msc -I./external/CherryUSB/class/hid -I./external/CherryUSB/class/hub -include kernel/usb_config.h -DKERNEL_MODE -c kernel/vfs.c -o kernel/vfs.o
mkdir -p kernel
gcc -Wall -Wextra -std=c11 -ffreestanding -fno-stack-protector -fno-stack-check -fno-lto -fno-pic -m64 -march=x86-64 -mcmodel=kernel -mno-red-zone -fno-asynchronous-unwind-tables -I./include -I./kernel -I./kernel/drivers -I./kernel/fatfs -I./external/limine -I./external/CherryUSB/common -I./external/CherryUSB/core -I./external/CherryUSB/class/msc -I./external/CherryUSB/class/hid -I./external/CherryUSB/class/hub -include kernel/usb_config.h -DKERNEL_MODE -c kernel/scheduler.c -o kernel/scheduler.o
mkdir -p kernel
gcc -Wall -Wextra -std=c11 -ffreestanding -fno-stack-protector -fno-stack-check -fno-lto -fno-pic -m64 -march=x86-64 -mcmodel=kernel -mno-red-zone -fno-asynchronous-unwind-tables -I./include -I./kernel -I./kernel/drivers -I./kernel/fatfs -I./external/limine -I./external/CherryUSB/common -I./external/CherryUSB/core -I./external/CherryUSB/class/msc -I./external/CherryUSB/class/hid -I./external/CherryUSB/class/hub -include kernel/usb_config.h -DKERNEL_MODE -c kernel/serial.c -o kernel/serial.o
mkdir -p kernel
gcc -Wall -Wextra -std=c11 -ffreestanding -fno-stack-protector -fno-stack-check -fno-lto -fno-pic -m64 -march=x86-64 -mcmodel=kernel -mno-red-zone -fno-asynchronous-unwind-tables -I./include -I./kernel -I./kernel/drivers -I./kernel/fatfs -I./external/limine -I./external/CherryUSB/common -I./external/CherryUSB/core -I./external/CherryUSB/class/msc -I./external/CherryUSB/class/hid -I./external/CherryUSB/class/hub -include kernel/usb_config.h -DKERNEL_MODE -c kernel/i18n.c -o kernel/i18n.o
mkdir -p kernel
gcc -Wall -Wextra -std=c11 -ffreestanding -fno-stack-protector -fno-stack-check -fno-lto -fno-pic -m64 -march=x86-64 -mcmodel=kernel -mno-red-zone -fno-asynchronous-unwind-tables -I./include -I./kernel -I./kernel/drivers -I./kernel/fatfs -I./external/limine -I./external/CherryUSB/common -I./external/CherryUSB/core -I./external/CherryUSB/class/msc -I./external/CherryUSB/class/hid -I./external/CherryUSB/class/hub -include kernel/usb_config.h -DKERNEL_MODE -c kernel/uac_policy.c -o kernel/uac_policy.o
mkdir -p kernel
gcc -Wall -Wextra -std=c11 -ffreestanding -fno-stack-protector -fno-stack-check -fno-lto -fno-pic -m64 -march=x86-64 -mcmodel=kernel -mno-red-zone -fno-asynchronous-unwind-tables -I./include -I./kernel -I./kernel/drivers -I./kernel/fatfs -I./external/limine -I./external/CherryUSB/common -I./external/CherryUSB/core -I./external/CherryUSB/class/msc -I./external/CherryUSB/class/hid -I./external/CherryUSB/class/hub -include kernel/usb_config.h -DKERNEL_MODE -c kernel/tgx_impl.c -o kernel/tgx_impl.o
mkdir -p kernel
gcc -Wall -Wextra -std=c11 -ffreestanding -fno-stack-protector -fno-stack-check -fno-lto -fno-pic -m64 -march=x86-64 -mcmodel=kernel -mno-red-zone -fno-asynchronous-unwind-tables -I./include -I./kernel -I./kernel/drivers -I./kernel/fatfs -I./external/limine -I./external/CherryUSB/common -I./external/CherryUSB/core -I./external/CherryUSB/class/msc -I./external/CherryUSB/class/hid -I./external/CherryUSB/class/hub -include kernel/usb_config.h -DKERNEL_MODE -c kernel/tlsf_impl.c -o kernel/tlsf_impl.o
mkdir -p kernel
gcc -Wall -Wextra -std=c11 -ffreestanding -fno-stack-protector -fno-stack-check -fno-lto -fno-pic -m64 -march=x86-64 -mcmodel=kernel -mno-red-zone -fno-asynchronous-unwind-tables -I./include -I./kernel -I./kernel/drivers -I./kernel/fatfs -I./external/limine -I./external/CherryUSB/common -I./external/CherryUSB/core -I./external/CherryUSB/class/msc -I./external/CherryUSB/class/hid -I./external/CherryUSB/class/hub -include kernel/usb_config.h -DKERNEL_MODE -c kernel/math.c -o kernel/math.o
mkdir -p kernel
gcc -Wall -Wextra -std=c11 -ffreestanding -fno-stack-protector -fno-stack-check -fno-lto -fno-pic -m64 -march=x86-64 -mcmodel=kernel -mno-red-zone -fno-asynchronous-unwind-tables -I./include -I./kernel -I./kernel/drivers -I./kernel/fatfs -I./external/limine -I./external/CherryUSB/common -I./external/CherryUSB/core -I./external/CherryUSB/class/msc -I./external/CherryUSB/class/hid -I./external/CherryUSB/class/hub -include kernel/usb_config.h -DKERNEL_MODE -c kernel/panic.c -o kernel/panic.o
mkdir -p kernel
gcc -Wall -Wextra -std=c11 -ffreestanding -fno-stack-protector -fno-stack-check -fno-lto -fno-pic -m64 -march=x86-64 -mcmodel=kernel -mno-red-zone -fno-asynchronous-unwind-tables -I./include -I./kernel -I./kernel/drivers -I./kernel/fatfs -I./external/limine -I./external/CherryUSB/common -I./external/CherryUSB/core -I./external/CherryUSB/class/msc -I./external/CherryUSB/class/hid -I./external/CherryUSB/class/hub -include kernel/usb_config.h -DKERNEL_MODE -c kernel/gdt.c -o kernel/gdt.o
mkdir -p kernel
gcc -Wall -Wextra -std=c11 -ffreestanding -fno-stack-protector -fno-stack-check -fno-lto -fno-pic -m64 -march=x86-64 -mcmodel=kernel -mno-red-zone -fno-asynchronous-unwind-tables -I./include -I./kernel -I./kernel/drivers -I./kernel/fatfs -I./external/limine -I./external/CherryUSB/common -I./external/CherryUSB/core -I./external/CherryUSB/class/msc -I./external/CherryUSB/class/hid -I./external/CherryUSB/class/hub -include kernel/usb_config.h -DKERNEL_MODE -c kernel/interrupts.c -o kernel/interrupts.o
mkdir -p kernel
gcc -Wall -Wextra -std=c11 -ffreestanding -fno-stack-protector -fno-stack-check -fno-lto -fno-pic -m64 -march=x86-64 -mcmodel=kernel -mno-red-zone -fno-asynchronous-unwind-tables -I./include -I./kernel -I./kernel/drivers -I./kernel/fatfs -I./external/limine -I./external/CherryUSB/common -I./external/CherryUSB/core -I./external/CherryUSB/class/msc -I./external/CherryUSB/class/hid -I./external/CherryUSB/class/hub -include kernel/usb_config.h -DKERNEL_MODE -x assembler-with-cpp -c kernel/isr_stubs.s -o kernel/isr_stubs.o
mkdir -p kernel
gcc -Wall -Wextra -std=c11 -ffreestanding -fno-stack-protector -fno-stack-check -fno-lto -fno-pic -m64 -march=x86-64 -mcmodel=kernel -mno-red-zone -fno-asynchronous-unwind-tables -I./include -I./kernel -I./kernel/drivers -I./kernel/fatfs -I./external/limine -I./external/CherryUSB/common -I./external/CherryUSB/core -I./external/CherryUSB/class/msc -I./external/CherryUSB/class/hid -I./external/CherryUSB/class/hub -include kernel/usb_config.h -DKERNEL_MODE -c kernel/apic.c -o kernel/apic.o
mkdir -p kernel
gcc -Wall -Wextra -std=c11 -ffreestanding -fno-stack-protector -fno-stack-check -fno-lto -fno-pic -m64 -march=x86-64 -mcmodel=kernel -mno-red-zone -fno-asynchronous-unwind-tables -I./include -I./kernel -I./kernel/drivers -I./kernel/fatfs -I./external/limine -I./external/CherryUSB/common -I./external/CherryUSB/core -I./external/CherryUSB/class/msc -I./external/CherryUSB/class/hid -I./external/CherryUSB/class/hub -include kernel/usb_config.h -DKERNEL_MODE -c kernel/pmm.c -o kernel/pmm.o
mkdir -p kernel
gcc -Wall -Wextra -std=c11 -ffreestanding -fno-stack-protector -fno-stack-check -fno-lto -fno-pic -m64 -march=x86-64 -mcmodel=kernel -mno-red-zone -fno-asynchronous-unwind-tables -I./include -I./kernel -I./kernel/drivers -I./kernel/fatfs -I./external/limine -I./external/CherryUSB/common -I./external/CherryUSB/core -I./external/CherryUSB/class/msc -I./external/CherryUSB/class/hid -I./external/CherryUSB/class/hub -include kernel/usb_config.h -DKERNEL_MODE -c kernel/malloc_glue.c -o kernel/malloc_glue.o
mkdir -p kernel
gcc -Wall -Wextra -std=c11 -ffreestanding -fno-stack-protector -fno-stack-check -fno-lto -fno-pic -m64 -march=x86-64 -mcmodel=kernel -mno-red-zone -fno-asynchronous-unwind-tables -I./include -I./kernel -I./kernel/drivers -I./kernel/fatfs -I./external/limine -I./external/CherryUSB/common -I./external/CherryUSB/core -I./external/CherryUSB/class/msc -I./external/CherryUSB/class/hid -I./external/CherryUSB/class/hub -include kernel/usb_config.h -DKERNEL_MODE -c kernel/storage_hal.c -o kernel/storage_hal.o
mkdir -p kernel
gcc -Wall -Wextra -std=c11 -ffreestanding -fno-stack-protector -fno-stack-check -fno-lto -fno-pic -m64 -march=x86-64 -mcmodel=kernel -mno-red-zone -fno-asynchronous-unwind-tables -I./include -I./kernel -I./kernel/drivers -I./kernel/fatfs -I./external/limine -I./external/CherryUSB/common -I./external/CherryUSB/core -I./external/CherryUSB/class/msc -I./external/CherryUSB/class/hid -I./external/CherryUSB/class/hub -include kernel/usb_config.h -DKERNEL_MODE -c kernel/panic_hal.c -o kernel/panic_hal.o
mkdir -p kernel
gcc -Wall -Wextra -std=c11 -ffreestanding -fno-stack-protector -fno-stack-check -fno-lto -fno-pic -m64 -march=x86-64 -mcmodel=kernel -mno-red-zone -fno-asynchronous-unwind-tables -I./include -I./kernel -I./kernel/drivers -I./kernel/fatfs -I./external/limine -I./external/CherryUSB/common -I./external/CherryUSB/core -I./external/CherryUSB/class/msc -I./external/CherryUSB/class/hid -I./external/CherryUSB/class/hub -include kernel/usb_config.h -DKERNEL_MODE -c kernel/diskio_impl.c -o kernel/diskio_impl.o
mkdir -p kernel
gcc -Wall -Wextra -std=c11 -ffreestanding -fno-stack-protector -fno-stack-check -fno-lto -fno-pic -m64 -march=x86-64 -mcmodel=kernel -mno-red-zone -fno-asynchronous-unwind-tables -I./include -I./kernel -I./kernel/drivers -I./kernel/fatfs -I./external/limine -I./external/CherryUSB/common -I./external/CherryUSB/core -I./external/CherryUSB/class/msc -I./external/CherryUSB/class/hid -I./external/CherryUSB/class/hub -include kernel/usb_config.h -DKERNEL_MODE -c kernel/ffsystem_impl.c -o kernel/ffsystem_impl.o
mkdir -p kernel/fatfs
gcc -Wall -Wextra -std=c11 -ffreestanding -fno-stack-protector -fno-stack-check -fno-lto -fno-pic -m64 -march=x86-64 -mcmodel=kernel -mno-red-zone -fno-asynchronous-unwind-tables -I./include -I./kernel -I./kernel/drivers -I./kernel/fatfs -I./external/limine -I./external/CherryUSB/common -I./external/CherryUSB/core -I./external/CherryUSB/class/msc -I./external/CherryUSB/class/hid -I./external/CherryUSB/class/hub -include kernel/usb_config.h -DKERNEL_MODE -c kernel/fatfs/ff.c -o kernel/fatfs/ff.o
mkdir -p kernel/fatfs
gcc -Wall -Wextra -std=c11 -ffreestanding -fno-stack-protector -fno-stack-check -fno-lto -fno-pic -m64 -march=x86-64 -mcmodel=kernel -mno-red-zone -fno-asynchronous-unwind-tables -I./include -I./kernel -I./kernel/drivers -I./kernel/fatfs -I./external/limine -I./external/CherryUSB/common -I./external/CherryUSB/core -I./external/CherryUSB/class/msc -I./external/CherryUSB/class/hid -I./external/CherryUSB/class/hub -include kernel/usb_config.h -DKERNEL_MODE -c kernel/fatfs/ffunicode.c -o kernel/fatfs/ffunicode.o
mkdir -p kernel/drivers
gcc -Wall -Wextra -std=c11 -ffreestanding -fno-stack-protector -fno-stack-check -fno-lto -fno-pic -m64 -march=x86-64 -mcmodel=kernel -mno-red-zone -fno-asynchronous-unwind-tables -I./include -I./kernel -I./kernel/drivers -I./kernel/fatfs -I./external/limine -I./external/CherryUSB/common -I./external/CherryUSB/core -I./external/CherryUSB/class/msc -I./external/CherryUSB/class/hid -I./external/CherryUSB/class/hub -include kernel/usb_config.h -DKERNEL_MODE -c kernel/drivers/pci.c -o kernel/drivers/pci.o
mkdir -p kernel/drivers
gcc -Wall -Wextra -std=c11 -ffreestanding -fno-stack-protector -fno-stack-check -fno-lto -fno-pic -m64 -march=x86-64 -mcmodel=kernel -mno-red-zone -fno-asynchronous-unwind-tables -I./include -I./kernel -I./kernel/drivers -I./kernel/fatfs -I./external/limine -I./external/CherryUSB/common -I./external/CherryUSB/core -I./external/CherryUSB/class/msc -I./external/CherryUSB/class/hid -I./external/CherryUSB/class/hub -include kernel/usb_config.h -DKERNEL_MODE -c kernel/drivers/xhci.c -o kernel/drivers/xhci.o
mkdir -p kernel/drivers
gcc -Wall -Wextra -std=c11 -ffreestanding -fno-stack-protector -fno-stack-check -fno-lto -fno-pic -m64 -march=x86-64 -mcmodel=kernel -mno-red-zone -fno-asynchronous-unwind-tables -I./include -I./kernel -I./kernel/drivers -I./kernel/fatfs -I./external/limine -I./external/CherryUSB/common -I./external/CherryUSB/core -I./external/CherryUSB/class/msc -I./external/CherryUSB/class/hid -I./external/CherryUSB/class/hub -include kernel/usb_config.h -DKERNEL_MODE -c kernel/drivers/ehci.c -o kernel/drivers/ehci.o
mkdir -p kernel/drivers
gcc -Wall -Wextra -std=c11 -ffreestanding -fno-stack-protector -fno-stack-check -fno-lto -fno-pic -m64 -march=x86-64 -mcmodel=kernel -mno-red-zone -fno-asynchronous-unwind-tables -I./include -I./kernel -I./kernel/drivers -I./kernel/fatfs -I./external/limine -I./external/CherryUSB/common -I./external/CherryUSB/core -I./external/CherryUSB/class/msc -I./external/CherryUSB/class/hid -I./external/CherryUSB/class/hub -include kernel/usb_config.h -DKERNEL_MODE -c kernel/drivers/nvme.c -o kernel/drivers/nvme.o
mkdir -p kernel/drivers
gcc -Wall -Wextra -std=c11 -ffreestanding -fno-stack-protector -fno-stack-check -fno-lto -fno-pic -m64 -march=x86-64 -mcmodel=kernel -mno-red-zone -fno-asynchronous-unwind-tables -I./include -I./kernel -I./kernel/drivers -I./kernel/fatfs -I./external/limine -I./external/CherryUSB/common -I./external/CherryUSB/core -I./external/CherryUSB/class/msc -I./external/CherryUSB/class/hid -I./external/CherryUSB/class/hub -include kernel/usb_config.h -DKERNEL_MODE -c kernel/drivers/ahci.c -o kernel/drivers/ahci.o
mkdir -p kernel/drivers
gcc -Wall -Wextra -std=c11 -ffreestanding -fno-stack-protector -fno-stack-check -fno-lto -fno-pic -m64 -march=x86-64 -mcmodel=kernel -mno-red-zone -fno-asynchronous-unwind-tables -I./include -I./kernel -I./kernel/drivers -I./kernel/fatfs -I./external/limine -I./external/CherryUSB/common -I./external/CherryUSB/core -I./external/CherryUSB/class/msc -I./external/CherryUSB/class/hid -I./external/CherryUSB/class/hub -include kernel/usb_config.h -DKERNEL_MODE -c kernel/drivers/ramdisk.c -o kernel/drivers/ramdisk.o
mkdir -p kernel/drivers
gcc -Wall -Wextra -std=c11 -ffreestanding -fno-stack-protector -fno-stack-check -fno-lto -fno-pic -m64 -march=x86-64 -mcmodel=kernel -mno-red-zone -fno-asynchronous-unwind-tables -I./include -I./kernel -I./kernel/drivers -I./kernel/fatfs -I./external/limine -I./external/CherryUSB/common -I./external/CherryUSB/core -I./external/CherryUSB/class/msc -I./external/CherryUSB/class/hid -I./external/CherryUSB/class/hub -include kernel/usb_config.h -DKERNEL_MODE -c kernel/drivers/rtc.c -o kernel/drivers/rtc.o
mkdir -p external/CherryUSB/core
gcc -Wall -Wextra -std=c11 -ffreestanding -fno-stack-protector -fno-stack-check -fno-lto -fno-pic -m64 -march=x86-64 -mcmodel=kernel -mno-red-zone -fno-asynchronous-unwind-tables -I./include -I./kernel -I./kernel/drivers -I./kernel/fatfs -I./external/limine -I./external/CherryUSB/common -I./external/CherryUSB/core -I./external/CherryUSB/class/msc -I./external/CherryUSB/class/hid -I./external/CherryUSB/class/hub -include kernel/usb_config.h -DKERNEL_MODE -c external/CherryUSB/core/usbd_core.c -o external/CherryUSB/core/usbd_core.o
mkdir -p external/CherryUSB/core
gcc -Wall -Wextra -std=c11 -ffreestanding -fno-stack-protector -fno-stack-check -fno-lto -fno-pic -m64 -march=x86-64 -mcmodel=kernel -mno-red-zone -fno-asynchronous-unwind-tables -I./include -I./kernel -I./kernel/drivers -I./kernel/fatfs -I./external/limine -I./external/CherryUSB/common -I./external/CherryUSB/core -I./external/CherryUSB/class/msc -I./external/CherryUSB/class/hid -I./external/CherryUSB/class/hub -include kernel/usb_config.h -DKERNEL_MODE -c external/CherryUSB/core/usbh_core.c -o external/CherryUSB/core/usbh_core.o
mkdir -p external/CherryUSB/class/msc
gcc -Wall -Wextra -std=c11 -ffreestanding -fno-stack-protector -fno-stack-check -fno-lto -fno-pic -m64 -march=x86-64 -mcmodel=kernel -mno-red-zone -fno-asynchronous-unwind-tables -I./include -I./kernel -I./kernel/drivers -I./kernel/fatfs -I./external/limine -I./external/CherryUSB/common -I./external/CherryUSB/core -I./external/CherryUSB/class/msc -I./external/CherryUSB/class/hid -I./external/CherryUSB/class/hub -include kernel/usb_config.h -DKERNEL_MODE -c external/CherryUSB/class/msc/usbh_msc.c -o external/CherryUSB/class/msc/usbh_msc.o
mkdir -p external/CherryUSB/class/hid
gcc -Wall -Wextra -std=c11 -ffreestanding -fno-stack-protector -fno-stack-check -fno-lto -fno-pic -m64 -march=x86-64 -mcmodel=kernel -mno-red-zone -fno-asynchronous-unwind-tables -I./include -I./kernel -I./kernel/drivers -I./kernel/fatfs -I./external/limine -I./external/CherryUSB/common -I./external/CherryUSB/core -I./external/CherryUSB/class/msc -I./external/CherryUSB/class/hid -I./external/CherryUSB/class/hub -include kernel/usb_config.h -DKERNEL_MODE -c external/CherryUSB/class/hid/usbh_hid.c -o external/CherryUSB/class/hid/usbh_hid.o
mkdir -p external/CherryUSB/class/hub
gcc -Wall -Wextra -std=c11 -ffreestanding -fno-stack-protector -fno-stack-check -fno-lto -fno-pic -m64 -march=x86-64 -mcmodel=kernel -mno-red-zone -fno-asynchronous-unwind-tables -I./include -I./kernel -I./kernel/drivers -I./kernel/fatfs -I./external/limine -I./external/CherryUSB/common -I./external/CherryUSB/core -I./external/CherryUSB/class/msc -I./external/CherryUSB/class/hid -I./external/CherryUSB/class/hub -include kernel/usb_config.h -DKERNEL_MODE -c external/CherryUSB/class/hub/usbh_hub.c -o external/CherryUSB/class/hub/usbh_hub.o
mkdir -p external/CherryUSB/port/ehci
gcc -Wall -Wextra -std=c11 -ffreestanding -fno-stack-protector -fno-stack-check -fno-lto -fno-pic -m64 -march=x86-64 -mcmodel=kernel -mno-red-zone -fno-asynchronous-unwind-tables -I./include -I./kernel -I./kernel/drivers -I./kernel/fatfs -I./external/limine -I./external/CherryUSB/common -I./external/CherryUSB/core -I./external/CherryUSB/class/msc -I./external/CherryUSB/class/hid -I./external/CherryUSB/class/hub -include kernel/usb_config.h -DKERNEL_MODE -c external/CherryUSB/port/ehci/usb_hc_ehci.c -o external/CherryUSB/port/ehci/usb_hc_ehci.o
ld -nostdlib -static -m elf_x86_64 -z max-page-size=0x1000 -T kernel/linker.ld kernel/kernel.o src/app_ui.o src/chell.o src/lab.o src/installer.o kernel/nuklear_kernel_impl.o kernel/stb_image_impl.o src/nk_software_renderer.o kernel/syscall.o kernel/sys_shell.o kernel/usb_osal.o kernel/usb_hal_ports.o kernel/storage.o kernel/input.o kernel/usb_hal.o kernel/vfs.o kernel/scheduler.o kernel/serial.o kernel/i18n.o kernel/uac_policy.o kernel/tgx_impl.o kernel/tlsf_impl.o kernel/math.o kernel/panic.o kernel/gdt.o kernel/interrupts.o kernel/isr_stubs.o kernel/apic.o kernel/pmm.o kernel/malloc_glue.o kernel/storage_hal.o kernel/panic_hal.o kernel/diskio_impl.o kernel/ffsystem_impl.o kernel/fatfs/ff.o kernel/fatfs/ffunicode.o kernel/drivers/pci.o kernel/drivers/xhci.o kernel/drivers/ehci.o kernel/drivers/nvme.o kernel/drivers/ahci.o kernel/drivers/ramdisk.o kernel/drivers/rtc.o external/CherryUSB/core/usbd_core.o external/CherryUSB/core/usbh_core.o external/CherryUSB/class/msc/usbh_msc.o external/CherryUSB/class/hid/usbh_hid.o external/CherryUSB/class/hub/usbh_hub.o external/CherryUSB/port/ehci/usb_hc_ehci.o -o kernel/kernel
mkdir -p iso_root/boot/sys
cp kernel/kernel iso_root/boot/sys/kernel.elf
# Modern and Legacy config support at root and /boot/
cp kernel/limine.cfg iso_root/limine.conf
cp kernel/limine.cfg iso_root/limine.cfg
cp kernel/limine.cfg iso_root/boot/limine.conf
cp kernel/limine.cfg iso_root/boot/limine.cfg
cp external/limine/limine-bios.sys iso_root/boot/
cp external/limine/limine-bios-cd.bin iso_root/boot/
xorriso -as mkisofs -b boot/limine-bios-cd.bin \
	-no-emul-boot -boot-load-size 4 -boot-info-table \
	iso_root -o os.iso
make: xorriso: No such file or directory
make: *** [Makefile:73: iso] Error 127
